// Jest Snapshot v1, https://goo.gl/fbAQLP

exports[`TestComponent should match the snapshot 1`] = `
<div>
  <div>
    TestComponent
  </div>
</div>
`;
